******************************************************************************
                  TI ARM Linker PC v18.1.2                     
******************************************************************************
>> Linked Fri Oct 12 21:30:37 2018

OUTPUT FILE NAME:   <PWM.out>
ENTRY POINT SYMBOL: "_c_int00_noinit_noargs"  address: 0000031d


MEMORY CONFIGURATION

         name            origin    length      used     unused   attr    fill
----------------------  --------  ---------  --------  --------  ----  --------
  MAIN                  00000000   00040000  0000050a  0003faf6  R  X
  INFO                  00200000   00004000  00000000  00004000  R  X
  SRAM_CODE             01000000   00010000  00000200  0000fe00  RW X
  SRAM_DATA             20000000   00010000  00000200  0000fe00  RW  


SEGMENT ALLOCATION MAP

run origin  load origin   length   init length attrs members
----------  ----------- ---------- ----------- ----- -------
00000000    00000000    0000050c   0000050c    r-x
  00000000    00000000    000000e4   000000e4    r-- .intvecs
  000000e4    000000e4    000003f6   000003f6    r-x .text
  000004dc    000004dc    00000030   00000030    r-- .const
2000fe00    2000fe00    00000200   00000000    rw-
  2000fe00    2000fe00    00000200   00000000    rw- .stack


SECTION ALLOCATION MAP

 output                                  attributes/
section   page    origin      length       input sections
--------  ----  ----------  ----------   ----------------
.intvecs   0    00000000    000000e4     
                  00000000    000000e4     startup_msp432p401r_ccs.obj (.intvecs:retain)

.text      0    000000e4    000003f6     
                  000000e4    00000078     system_msp432p401r.obj (.text:SystemInit)
                  0000015c    0000006a     PWM_main.obj (.text:main)
                  000001c6    00000002     startup_msp432p401r_ccs.obj (.text:Default_Handler)
                  000001c8    00000068     msp432p4xx_driverlib.lib : timer32.o (.text:Timer32_initModule)
                  00000230    00000040                              : gpio.o (.text:GPIO_setAsOutputPin)
                  00000270    00000040     PWM_main.obj (.text:initialize)
                  000002b0    00000038     msp432p4xx_driverlib.lib : timer32.o (.text:Timer32_startTimer)
                  000002e8    00000034                              : timer32.o (.text:Timer32_setCount)
                  0000031c    00000030     rtsv7M4_T_le_v4SPD16_eabi.lib : boot_cortex_m.c.obj (.text:_c_int00_noinit_noargs:_c_int00_noinit_noargs)
                  0000034c    00000028     msp432p4xx_driverlib.lib : gpio.o (.text:GPIO_setOutputHighOnPin)
                  00000374    00000028                              : gpio.o (.text:GPIO_setOutputLowOnPin)
                  0000039c    00000028                              : gpio.o (.text:GPIO_toggleOutputOnPin)
                  000003c4    00000024                              : wdt_a.o (.text:WDT_A_holdTimer)
                  000003e8    0000001c     PWM_main.obj (.text:OffTimerExpired)
                  00000404    0000001c     PWM_main.obj (.text:OnTimerExpired)
                  00000420    0000001c     PWM_main.obj (.text:startOffTimer)
                  0000043c    0000001c     PWM_main.obj (.text:startOnTimer)
                  00000458    0000000e     msp432p4xx_driverlib.lib : timer32.o (.text:Timer32_getValue)
                  00000466    0000000c     startup_msp432p401r_ccs.obj (.text:Reset_Handler)
                  00000472    0000000c     ButtonLED_HAL.obj (.text:initialize_BoosterpackLED_blue)
                  0000047e    0000000c     ButtonLED_HAL.obj (.text:initialize_LaunchpadLED1)
                  0000048a    0000000c     ButtonLED_HAL.obj (.text:initialize_LaunchpadLED2_green)
                  00000496    0000000c     ButtonLED_HAL.obj (.text:toggle_BoosterpackLED_blue)
                  000004a2    0000000c     ButtonLED_HAL.obj (.text:turnOff_BoosterpackLED_blue)
                  000004ae    0000000c     ButtonLED_HAL.obj (.text:turnOff_LaunchpadLED1)
                  000004ba    0000000c     ButtonLED_HAL.obj (.text:turnOff_LaunchpadLED2_green)
                  000004c6    0000000c     ButtonLED_HAL.obj (.text:turnOn_LaunchpadLED1)
                  000004d2    00000004     rtsv7M4_T_le_v4SPD16_eabi.lib : pre_init.c.obj (.text:_system_pre_init)
                  000004d6    00000004                                   : exit.c.obj (.text:abort:abort)

.const     0    000004dc    00000030     
                  000004dc    00000030     msp432p4xx_driverlib.lib : gpio.o (.const:GPIO_PORT_TO_BASE)

.cinit     0    00000000    00000000     UNINITIALIZED

.init_array 
*          0    00000000    00000000     UNINITIALIZED

.binit     0    00000000    00000000     

.stack     0    2000fe00    00000200     UNINITIALIZED
                  2000fe00    00000004     rtsv7M4_T_le_v4SPD16_eabi.lib : boot_cortex_m.c.obj (.stack)
                  2000fe04    000001fc     --HOLE--

MODULE SUMMARY

       Module                        code   ro data   rw data
       ------                        ----   -------   -------
    .\
       PWM_main.obj                  282    0         0      
       system_msp432p401r.obj        120    0         0      
       ButtonLED_HAL.obj             96     0         0      
    +--+-----------------------------+------+---------+---------+
       Total:                        498    0         0      
                                                             
    .\ccs\
       startup_msp432p401r_ccs.obj   14     228       0      
    +--+-----------------------------+------+---------+---------+
       Total:                        14     228       0      
                                                             
    C:/ti/simplelink_msp432p4_sdk_2_20_00_12/source/ti/devices/msp432p4xx/driverlib/ccs/msp432p4xx_driverlib.lib
       gpio.o                        184    48        0      
       timer32.o                     226    0         0      
       wdt_a.o                       36     0         0      
    +--+-----------------------------+------+---------+---------+
       Total:                        446    48        0      
                                                             
    C:\ti\ccsv8\tools\compiler\ti-cgt-arm_18.1.2.LTS\lib\rtsv7M4_T_le_v4SPD16_eabi.lib
       boot_cortex_m.c.obj           48     0         0      
       exit.c.obj                    4      0         0      
       pre_init.c.obj                4      0         0      
    +--+-----------------------------+------+---------+---------+
       Total:                        56     0         0      
                                                             
       Stack:                        0      0         1024   
    +--+-----------------------------+------+---------+---------+
       Grand Total:                  1014   276       1024   


GLOBAL SYMBOLS: SORTED ALPHABETICALLY BY Name 

address   name                          
-------   ----                          
000001c7  ADC14_IRQHandler              
000001c7  AES256_IRQHandler             
000001c7  BusFault_Handler              
000004d7  C$$EXIT                       
000001c7  COMP_E0_IRQHandler            
000001c7  COMP_E1_IRQHandler            
000001c7  CS_IRQHandler                 
000001c7  DMA_ERR_IRQHandler            
000001c7  DMA_INT0_IRQHandler           
000001c7  DMA_INT1_IRQHandler           
000001c7  DMA_INT2_IRQHandler           
000001c7  DMA_INT3_IRQHandler           
000001c7  DebugMon_Handler              
000001c7  Default_Handler               
000001c7  EUSCIA0_IRQHandler            
000001c7  EUSCIA1_IRQHandler            
000001c7  EUSCIA2_IRQHandler            
000001c7  EUSCIA3_IRQHandler            
000001c7  EUSCIB0_IRQHandler            
000001c7  EUSCIB1_IRQHandler            
000001c7  EUSCIB2_IRQHandler            
000001c7  EUSCIB3_IRQHandler            
000001c7  FLCTL_IRQHandler              
000001c7  FPU_IRQHandler                
00000231  GPIO_setAsOutputPin           
0000034d  GPIO_setOutputHighOnPin       
00000375  GPIO_setOutputLowOnPin        
0000039d  GPIO_toggleOutputOnPin        
000001c7  HardFault_Handler             
000001c7  MemManage_Handler             
000001c7  NMI_Handler                   
000003e9  OffTimerExpired               
00000405  OnTimerExpired                
000001c7  PCM_IRQHandler                
000001c7  PORT1_IRQHandler              
000001c7  PORT2_IRQHandler              
000001c7  PORT3_IRQHandler              
000001c7  PORT4_IRQHandler              
000001c7  PORT5_IRQHandler              
000001c7  PORT6_IRQHandler              
000001c7  PSS_IRQHandler                
000001c7  PendSV_Handler                
000001c7  RTC_C_IRQHandler              
00000467  Reset_Handler                 
000001c7  SVC_Handler                   
000001c7  SysTick_Handler               
000000e5  SystemInit                    
000001c7  T32_INT1_IRQHandler           
000001c7  T32_INT2_IRQHandler           
000001c7  T32_INTC_IRQHandler           
000001c7  TA0_0_IRQHandler              
000001c7  TA0_N_IRQHandler              
000001c7  TA1_0_IRQHandler              
000001c7  TA1_N_IRQHandler              
000001c7  TA2_0_IRQHandler              
000001c7  TA2_N_IRQHandler              
000001c7  TA3_0_IRQHandler              
000001c7  TA3_N_IRQHandler              
00000459  Timer32_getValue              
000001c9  Timer32_initModule            
000002e9  Timer32_setCount              
000002b1  Timer32_startTimer            
000001c7  UsageFault_Handler            
4000480c  WDTCTL_SYM                    
000001c7  WDT_A_IRQHandler              
000003c5  WDT_A_holdTimer               
20010000  __STACK_END                   
00000200  __STACK_SIZE                  
ffffffff  __TI_pprof_out_hndl           
ffffffff  __TI_prof_data_size           
ffffffff  __TI_prof_data_start          
00000000  __TI_static_base__            
ffffffff  __binit__                     
ffffffff  __c_args__                    
UNDEFED   __mpu_init                    
2000fe00  __stack                       
0000031d  _c_int00_noinit_noargs        
000004d3  _system_pre_init              
000004d7  abort                         
ffffffff  binit                         
00000271  initialize                    
00000473  initialize_BoosterpackLED_blue
0000047f  initialize_LaunchpadLED1      
0000048b  initialize_LaunchpadLED2_green
00000000  interruptVectors              
0000015d  main                          
00000421  startOffTimer                 
0000043d  startOnTimer                  
00000497  toggle_BoosterpackLED_blue    
000004a3  turnOff_BoosterpackLED_blue   
000004af  turnOff_LaunchpadLED1         
000004bb  turnOff_LaunchpadLED2_green   
000004c7  turnOn_LaunchpadLED1          


GLOBAL SYMBOLS: SORTED BY Symbol Address 

address   name                          
-------   ----                          
00000000  __TI_static_base__            
00000000  interruptVectors              
000000e5  SystemInit                    
0000015d  main                          
000001c7  ADC14_IRQHandler              
000001c7  AES256_IRQHandler             
000001c7  BusFault_Handler              
000001c7  COMP_E0_IRQHandler            
000001c7  COMP_E1_IRQHandler            
000001c7  CS_IRQHandler                 
000001c7  DMA_ERR_IRQHandler            
000001c7  DMA_INT0_IRQHandler           
000001c7  DMA_INT1_IRQHandler           
000001c7  DMA_INT2_IRQHandler           
000001c7  DMA_INT3_IRQHandler           
000001c7  DebugMon_Handler              
000001c7  Default_Handler               
000001c7  EUSCIA0_IRQHandler            
000001c7  EUSCIA1_IRQHandler            
000001c7  EUSCIA2_IRQHandler            
000001c7  EUSCIA3_IRQHandler            
000001c7  EUSCIB0_IRQHandler            
000001c7  EUSCIB1_IRQHandler            
000001c7  EUSCIB2_IRQHandler            
000001c7  EUSCIB3_IRQHandler            
000001c7  FLCTL_IRQHandler              
000001c7  FPU_IRQHandler                
000001c7  HardFault_Handler             
000001c7  MemManage_Handler             
000001c7  NMI_Handler                   
000001c7  PCM_IRQHandler                
000001c7  PORT1_IRQHandler              
000001c7  PORT2_IRQHandler              
000001c7  PORT3_IRQHandler              
000001c7  PORT4_IRQHandler              
000001c7  PORT5_IRQHandler              
000001c7  PORT6_IRQHandler              
000001c7  PSS_IRQHandler                
000001c7  PendSV_Handler                
000001c7  RTC_C_IRQHandler              
000001c7  SVC_Handler                   
000001c7  SysTick_Handler               
000001c7  T32_INT1_IRQHandler           
000001c7  T32_INT2_IRQHandler           
000001c7  T32_INTC_IRQHandler           
000001c7  TA0_0_IRQHandler              
000001c7  TA0_N_IRQHandler              
000001c7  TA1_0_IRQHandler              
000001c7  TA1_N_IRQHandler              
000001c7  TA2_0_IRQHandler              
000001c7  TA2_N_IRQHandler              
000001c7  TA3_0_IRQHandler              
000001c7  TA3_N_IRQHandler              
000001c7  UsageFault_Handler            
000001c7  WDT_A_IRQHandler              
000001c9  Timer32_initModule            
00000200  __STACK_SIZE                  
00000231  GPIO_setAsOutputPin           
00000271  initialize                    
000002b1  Timer32_startTimer            
000002e9  Timer32_setCount              
0000031d  _c_int00_noinit_noargs        
0000034d  GPIO_setOutputHighOnPin       
00000375  GPIO_setOutputLowOnPin        
0000039d  GPIO_toggleOutputOnPin        
000003c5  WDT_A_holdTimer               
000003e9  OffTimerExpired               
00000405  OnTimerExpired                
00000421  startOffTimer                 
0000043d  startOnTimer                  
00000459  Timer32_getValue              
00000467  Reset_Handler                 
00000473  initialize_BoosterpackLED_blue
0000047f  initialize_LaunchpadLED1      
0000048b  initialize_LaunchpadLED2_green
00000497  toggle_BoosterpackLED_blue    
000004a3  turnOff_BoosterpackLED_blue   
000004af  turnOff_LaunchpadLED1         
000004bb  turnOff_LaunchpadLED2_green   
000004c7  turnOn_LaunchpadLED1          
000004d3  _system_pre_init              
000004d7  C$$EXIT                       
000004d7  abort                         
2000fe00  __stack                       
20010000  __STACK_END                   
4000480c  WDTCTL_SYM                    
ffffffff  __TI_pprof_out_hndl           
ffffffff  __TI_prof_data_size           
ffffffff  __TI_prof_data_start          
ffffffff  __binit__                     
ffffffff  __c_args__                    
ffffffff  binit                         
UNDEFED   __mpu_init                    

[93 symbols]
