******************************************************************************
                  TI ARM Linker PC v18.1.2                     
******************************************************************************
>> Linked Thu Oct 11 20:21:04 2018

OUTPUT FILE NAME:   <Software_timer.out>
ENTRY POINT SYMBOL: "_c_int00_noargs"  address: 00000679


MEMORY CONFIGURATION

         name            origin    length      used     unused   attr    fill
----------------------  --------  ---------  --------  --------  ----  --------
  MAIN                  00000000   00040000  00000978  0003f688  R  X
  INFO                  00200000   00004000  00000000  00004000  R  X
  SRAM_CODE             01000000   00010000  00000218  0000fde8  RW X
  SRAM_DATA             20000000   00010000  00000218  0000fde8  RW  


SEGMENT ALLOCATION MAP

run origin  load origin   length   init length attrs members
----------  ----------- ---------- ----------- ----- -------
00000000    00000000    0000097c   0000097c    r-x
  00000000    00000000    000000e4   000000e4    r-- .intvecs
  000000e4    000000e4    00000838   00000838    r-x .text
  0000091c    0000091c    00000048   00000048    r-- .const
  00000968    00000968    00000014   00000014    r-- .cinit
20000000    20000000    00000018   00000000    rw-
  20000000    20000000    00000018   00000000    rw- .bss
2000fe00    2000fe00    00000200   00000000    rw-
  2000fe00    2000fe00    00000200   00000000    rw- .stack


SECTION ALLOCATION MAP

 output                                  attributes/
section   page    origin      length       input sections
--------  ----  ----------  ----------   ----------------
.intvecs   0    00000000    000000e4     
                  00000000    000000e4     startup_msp432p401r_ccs.obj (.intvecs:retain)

.text      0    000000e4    00000838     
                  000000e4    000000ec     ButtonLED_HAL.obj (.text:Debounce)
                  000001d0    000000a8     Timer32_HAL.obj (.text:OneShotSWTimerExpired)
                  00000278    000000a0     software_timer_main.obj (.text:main)
                  00000318    00000080     msp432p4xx_driverlib.lib : interrupt.o (.text:Interrupt_enableInterrupt)
                  00000398    00000078     system_msp432p401r.obj (.text:SystemInit)
                  00000410    00000068     msp432p4xx_driverlib.lib : timer32.o (.text:Timer32_initModule)
                  00000478    00000064     Timer32_HAL.obj (.text:initHWTimer0)
                  000004dc    00000056     Timer32_HAL.obj (.text:startHWTimer)
                  00000532    0000004c     ButtonLED_HAL.obj (.text:ButtonPushed)
                  0000057e    00000002     startup_msp432p401r_ccs.obj (.text:Default_Handler)
                  00000580    00000044     rtsv7M4_T_le_v4SPD16_eabi.lib : autoinit.c.obj (.text:__TI_auto_init_nobinit_nopinit:__TI_auto_init_nobinit_nopinit)
                  000005c4    00000040     msp432p4xx_driverlib.lib : gpio.o (.text:GPIO_setAsOutputPin)
                  00000604    0000003c     software_timer_main.obj (.text:initialize)
                  00000640    00000038     msp432p4xx_driverlib.lib : timer32.o (.text:Timer32_startTimer)
                  00000678    00000038     rtsv7M4_T_le_v4SPD16_eabi.lib : boot_cortex_m.c.obj (.text:_c_int00_noargs:_c_int00_noargs)
                  000006b0    00000034     msp432p4xx_driverlib.lib : timer32.o (.text:Timer32_setCount)
                  000006e4    00000030                              : gpio.o (.text:GPIO_getInputPinValue)
                  00000714    00000028                              : gpio.o (.text:GPIO_setOutputLowOnPin)
                  0000073c    00000028                              : gpio.o (.text:GPIO_toggleOutputOnPin)
                  00000764    00000024                              : wdt_a.o (.text:WDT_A_holdTimer)
                  00000788    00000024     Timer32_HAL.obj (.text:WaitCycles)
                  000007ac    00000020     Timer32_HAL.obj (.text:T32_INT1_IRQHandler)
                  000007cc    0000001e     Timer32_HAL.obj (.text:InitOneShotSWTimer)
                  000007ea    0000001e     Timer32_HAL.obj (.text:StartOneShotSWTimer)
                  00000808    00000018     rtsv7M4_T_le_v4SPD16_eabi.lib : ll_mul_t2.asm.obj (.text)
                  00000820    00000014     msp432p4xx_driverlib.lib : timer32.o (.text:Timer32_clearInterruptFlag)
                  00000834    00000014     Timer32_HAL.obj (.text:initHWTimer1_debouncing)
                  00000848    00000012     rtsv7M4_T_le_v4SPD16_eabi.lib : copy_zero_init.c.obj (.text:decompress:ZI:__TI_zero_init_nomemset:__TI_zero_init_nomemset)
                  0000085a    00000010     msp432p4xx_driverlib.lib : interrupt.o (.text:Interrupt_enableMaster)
                  0000086a    0000000e                              : timer32.o (.text:Timer32_getValue)
                  00000878    0000000c                              : cpu.o (.text:CPU_cpsie)
                  00000884    0000000c     startup_msp432p401r_ccs.obj (.text:Reset_Handler)
                  00000890    0000000c     ButtonLED_HAL.obj (.text:initialize_BoosterpackLED_blue)
                  0000089c    0000000c     ButtonLED_HAL.obj (.text:initialize_BoosterpackLED_green)
                  000008a8    0000000c     ButtonLED_HAL.obj (.text:initialize_BoosterpackLED_red)
                  000008b4    0000000c     ButtonLED_HAL.obj (.text:initialize_LaunchpadLED1)
                  000008c0    0000000c     ButtonLED_HAL.obj (.text:initialize_LaunchpadLED2_red)
                  000008cc    0000000c     ButtonLED_HAL.obj (.text:toggle_BoosterpackLED_blue)
                  000008d8    0000000c     ButtonLED_HAL.obj (.text:toggle_LaunchpadLED1)
                  000008e4    0000000c     ButtonLED_HAL.obj (.text:turnOff_BoosterpackLED_blue)
                  000008f0    0000000c     ButtonLED_HAL.obj (.text:turnOff_BoosterpackLED_green)
                  000008fc    0000000c     ButtonLED_HAL.obj (.text:turnOff_BoosterpackLED_red)
                  00000908    0000000c     ButtonLED_HAL.obj (.text:turnOff_LaunchpadLED1)
                  00000914    00000004     rtsv7M4_T_le_v4SPD16_eabi.lib : pre_init.c.obj (.text:_system_pre_init)
                  00000918    00000004                                   : exit.c.obj (.text:abort:abort)

.const     0    0000091c    00000048     
                  0000091c    00000030     msp432p4xx_driverlib.lib : gpio.o (.const:GPIO_PORT_TO_BASE)
                  0000094c    00000010     software_timer_main.obj (.const:$P$T0$1)
                  0000095c    00000008     msp432p4xx_driverlib.lib : interrupt.o (.const:g_pulEnRegs)

.cinit     0    00000968    00000014     
                  00000968    00000008     (.cinit..bss.load) [load image, compression = zero_init]
                  00000970    00000004     (__TI_handler_table)
                  00000974    00000008     (__TI_cinit_table)

.init_array 
*          0    00000000    00000000     UNINITIALIZED

.binit     0    00000000    00000000     

.bss       0    20000000    00000018     UNINITIALIZED
                  20000000    00000018     (.common:timer0)

.stack     0    2000fe00    00000200     UNINITIALIZED
                  2000fe00    00000004     rtsv7M4_T_le_v4SPD16_eabi.lib : boot_cortex_m.c.obj (.stack)
                  2000fe04    000001fc     --HOLE--

MODULE SUMMARY

       Module                        code   ro data   rw data
       ------                        ----   -------   -------
    .\
       Timer32_HAL.obj               502    0         48     
       ButtonLED_HAL.obj             444    0         0      
       software_timer_main.obj       220    16        0      
       system_msp432p401r.obj        120    0         0      
    +--+-----------------------------+------+---------+---------+
       Total:                        1286   16        48     
                                                             
    .\ccs\
       startup_msp432p401r_ccs.obj   14     228       0      
    +--+-----------------------------+------+---------+---------+
       Total:                        14     228       0      
                                                             
    C:/ti/simplelink_msp432p4_sdk_2_20_00_12/source/ti/devices/msp432p4xx/driverlib/ccs/msp432p4xx_driverlib.lib
       timer32.o                     246    0         0      
       gpio.o                        192    48        0      
       interrupt.o                   144    8         0      
       wdt_a.o                       36     0         0      
       cpu.o                         12     0         0      
    +--+-----------------------------+------+---------+---------+
       Total:                        630    56        0      
                                                             
    C:\ti\ccsv8\tools\compiler\ti-cgt-arm_18.1.2.LTS\lib\rtsv7M4_T_le_v4SPD16_eabi.lib
       autoinit.c.obj                68     0         0      
       boot_cortex_m.c.obj           56     0         0      
       ll_mul_t2.asm.obj             24     0         0      
       copy_zero_init.c.obj          18     0         0      
       exit.c.obj                    4      0         0      
       pre_init.c.obj                4      0         0      
    +--+-----------------------------+------+---------+---------+
       Total:                        174    0         0      
                                                             
       Stack:                        0      0         1024   
       Linker Generated:             0      20        0      
    +--+-----------------------------+------+---------+---------+
       Grand Total:                  2104   320       1072   


LINKER GENERATED COPY TABLES

__TI_cinit_table @ 00000974 records: 1, size/record: 8, table size: 8
	.bss: load addr=00000968, load size=00000008 bytes, run addr=20000000, run size=00000018 bytes, compression=zero_init


LINKER GENERATED HANDLER TABLE

__TI_handler_table @ 00000970 records: 1, size/record: 4, table size: 4
	index: 0, handler: __TI_zero_init


GLOBAL SYMBOLS: SORTED ALPHABETICALLY BY Name 

address   name                           
-------   ----                           
0000057f  ADC14_IRQHandler               
0000057f  AES256_IRQHandler              
0000057f  BusFault_Handler               
00000533  ButtonPushed                   
00000919  C$$EXIT                        
0000057f  COMP_E0_IRQHandler             
0000057f  COMP_E1_IRQHandler             
00000879  CPU_cpsie                      
0000057f  CS_IRQHandler                  
0000057f  DMA_ERR_IRQHandler             
0000057f  DMA_INT0_IRQHandler            
0000057f  DMA_INT1_IRQHandler            
0000057f  DMA_INT2_IRQHandler            
0000057f  DMA_INT3_IRQHandler            
000000e5  Debounce                       
0000057f  DebugMon_Handler               
0000057f  Default_Handler                
0000057f  EUSCIA0_IRQHandler             
0000057f  EUSCIA1_IRQHandler             
0000057f  EUSCIA2_IRQHandler             
0000057f  EUSCIA3_IRQHandler             
0000057f  EUSCIB0_IRQHandler             
0000057f  EUSCIB1_IRQHandler             
0000057f  EUSCIB2_IRQHandler             
0000057f  EUSCIB3_IRQHandler             
0000057f  FLCTL_IRQHandler               
0000057f  FPU_IRQHandler                 
000006e5  GPIO_getInputPinValue          
000005c5  GPIO_setAsOutputPin            
00000715  GPIO_setOutputLowOnPin         
0000073d  GPIO_toggleOutputOnPin         
0000057f  HardFault_Handler              
000007cd  InitOneShotSWTimer             
00000319  Interrupt_enableInterrupt      
0000085b  Interrupt_enableMaster         
0000057f  MemManage_Handler              
0000057f  NMI_Handler                    
000001d1  OneShotSWTimerExpired          
0000057f  PCM_IRQHandler                 
0000057f  PORT1_IRQHandler               
0000057f  PORT2_IRQHandler               
0000057f  PORT3_IRQHandler               
0000057f  PORT4_IRQHandler               
0000057f  PORT5_IRQHandler               
0000057f  PORT6_IRQHandler               
0000057f  PSS_IRQHandler                 
0000057f  PendSV_Handler                 
0000057f  RTC_C_IRQHandler               
00000885  Reset_Handler                  
0000057f  SVC_Handler                    
000007eb  StartOneShotSWTimer            
0000057f  SysTick_Handler                
00000399  SystemInit                     
000007ad  T32_INT1_IRQHandler            
000007ad  T32_INT1_IRQHandler            
0000057f  T32_INT2_IRQHandler            
0000057f  T32_INTC_IRQHandler            
0000057f  TA0_0_IRQHandler               
0000057f  TA0_N_IRQHandler               
0000057f  TA1_0_IRQHandler               
0000057f  TA1_N_IRQHandler               
0000057f  TA2_0_IRQHandler               
0000057f  TA2_N_IRQHandler               
0000057f  TA3_0_IRQHandler               
0000057f  TA3_N_IRQHandler               
00000821  Timer32_clearInterruptFlag     
0000086b  Timer32_getValue               
00000411  Timer32_initModule             
000006b1  Timer32_setCount               
00000641  Timer32_startTimer             
0000057f  UsageFault_Handler             
4000480c  WDTCTL_SYM                     
0000057f  WDT_A_IRQHandler               
00000765  WDT_A_holdTimer                
00000789  WaitCycles                     
20010000  __STACK_END                    
00000200  __STACK_SIZE                   
00000974  __TI_CINIT_Base                
0000097c  __TI_CINIT_Limit               
00000970  __TI_Handler_Table_Base        
00000974  __TI_Handler_Table_Limit       
00000581  __TI_auto_init_nobinit_nopinit 
ffffffff  __TI_pprof_out_hndl            
ffffffff  __TI_prof_data_size            
ffffffff  __TI_prof_data_start           
00000000  __TI_static_base__             
00000849  __TI_zero_init_nomemset        
00000809  __aeabi_lmul                   
ffffffff  __binit__                      
ffffffff  __c_args__                     
UNDEFED   __mpu_init                     
2000fe00  __stack                        
00000679  _c_int00_noargs                
UNDEFED   _system_post_cinit             
00000915  _system_pre_init               
00000919  abort                          
ffffffff  binit                          
00000479  initHWTimer0                   
00000835  initHWTimer1_debouncing        
00000605  initialize                     
00000891  initialize_BoosterpackLED_blue 
0000089d  initialize_BoosterpackLED_green
000008a9  initialize_BoosterpackLED_red  
000008b5  initialize_LaunchpadLED1       
000008c1  initialize_LaunchpadLED2_red   
00000000  interruptVectors               
00000279  main                           
000004dd  startHWTimer                   
20000000  timer0                         
000008cd  toggle_BoosterpackLED_blue     
000008d9  toggle_LaunchpadLED1           
000008e5  turnOff_BoosterpackLED_blue    
000008f1  turnOff_BoosterpackLED_green   
000008fd  turnOff_BoosterpackLED_red     
00000909  turnOff_LaunchpadLED1          


GLOBAL SYMBOLS: SORTED BY Symbol Address 

address   name                           
-------   ----                           
00000000  __TI_static_base__             
00000000  interruptVectors               
000000e5  Debounce                       
000001d1  OneShotSWTimerExpired          
00000200  __STACK_SIZE                   
00000279  main                           
00000319  Interrupt_enableInterrupt      
00000399  SystemInit                     
00000411  Timer32_initModule             
00000479  initHWTimer0                   
000004dd  startHWTimer                   
00000533  ButtonPushed                   
0000057f  ADC14_IRQHandler               
0000057f  AES256_IRQHandler              
0000057f  BusFault_Handler               
0000057f  COMP_E0_IRQHandler             
0000057f  COMP_E1_IRQHandler             
0000057f  CS_IRQHandler                  
0000057f  DMA_ERR_IRQHandler             
0000057f  DMA_INT0_IRQHandler            
0000057f  DMA_INT1_IRQHandler            
0000057f  DMA_INT2_IRQHandler            
0000057f  DMA_INT3_IRQHandler            
0000057f  DebugMon_Handler               
0000057f  Default_Handler                
0000057f  EUSCIA0_IRQHandler             
0000057f  EUSCIA1_IRQHandler             
0000057f  EUSCIA2_IRQHandler             
0000057f  EUSCIA3_IRQHandler             
0000057f  EUSCIB0_IRQHandler             
0000057f  EUSCIB1_IRQHandler             
0000057f  EUSCIB2_IRQHandler             
0000057f  EUSCIB3_IRQHandler             
0000057f  FLCTL_IRQHandler               
0000057f  FPU_IRQHandler                 
0000057f  HardFault_Handler              
0000057f  MemManage_Handler              
0000057f  NMI_Handler                    
0000057f  PCM_IRQHandler                 
0000057f  PORT1_IRQHandler               
0000057f  PORT2_IRQHandler               
0000057f  PORT3_IRQHandler               
0000057f  PORT4_IRQHandler               
0000057f  PORT5_IRQHandler               
0000057f  PORT6_IRQHandler               
0000057f  PSS_IRQHandler                 
0000057f  PendSV_Handler                 
0000057f  RTC_C_IRQHandler               
0000057f  SVC_Handler                    
0000057f  SysTick_Handler                
0000057f  T32_INT2_IRQHandler            
0000057f  T32_INTC_IRQHandler            
0000057f  TA0_0_IRQHandler               
0000057f  TA0_N_IRQHandler               
0000057f  TA1_0_IRQHandler               
0000057f  TA1_N_IRQHandler               
0000057f  TA2_0_IRQHandler               
0000057f  TA2_N_IRQHandler               
0000057f  TA3_0_IRQHandler               
0000057f  TA3_N_IRQHandler               
0000057f  UsageFault_Handler             
0000057f  WDT_A_IRQHandler               
00000581  __TI_auto_init_nobinit_nopinit 
000005c5  GPIO_setAsOutputPin            
00000605  initialize                     
00000641  Timer32_startTimer             
00000679  _c_int00_noargs                
000006b1  Timer32_setCount               
000006e5  GPIO_getInputPinValue          
00000715  GPIO_setOutputLowOnPin         
0000073d  GPIO_toggleOutputOnPin         
00000765  WDT_A_holdTimer                
00000789  WaitCycles                     
000007ad  T32_INT1_IRQHandler            
000007ad  T32_INT1_IRQHandler            
000007cd  InitOneShotSWTimer             
000007eb  StartOneShotSWTimer            
00000809  __aeabi_lmul                   
00000821  Timer32_clearInterruptFlag     
00000835  initHWTimer1_debouncing        
00000849  __TI_zero_init_nomemset        
0000085b  Interrupt_enableMaster         
0000086b  Timer32_getValue               
00000879  CPU_cpsie                      
00000885  Reset_Handler                  
00000891  initialize_BoosterpackLED_blue 
0000089d  initialize_BoosterpackLED_green
000008a9  initialize_BoosterpackLED_red  
000008b5  initialize_LaunchpadLED1       
000008c1  initialize_LaunchpadLED2_red   
000008cd  toggle_BoosterpackLED_blue     
000008d9  toggle_LaunchpadLED1           
000008e5  turnOff_BoosterpackLED_blue    
000008f1  turnOff_BoosterpackLED_green   
000008fd  turnOff_BoosterpackLED_red     
00000909  turnOff_LaunchpadLED1          
00000915  _system_pre_init               
00000919  C$$EXIT                        
00000919  abort                          
00000970  __TI_Handler_Table_Base        
00000974  __TI_CINIT_Base                
00000974  __TI_Handler_Table_Limit       
0000097c  __TI_CINIT_Limit               
20000000  timer0                         
2000fe00  __stack                        
20010000  __STACK_END                    
4000480c  WDTCTL_SYM                     
ffffffff  __TI_pprof_out_hndl            
ffffffff  __TI_prof_data_size            
ffffffff  __TI_prof_data_start           
ffffffff  __binit__                      
ffffffff  __c_args__                     
ffffffff  binit                          
UNDEFED   __mpu_init                     
UNDEFED   _system_post_cinit             

[115 symbols]
